// Jest Snapshot v1, https://goo.gl/fbAQLP

exports[`<DrawerContent /> renders correctly 1`] = `
<View
  style={
    Object {
      "alignItems": "center",
      "backgroundColor": "#fff",
      "flex": 1,
      "marginTop": 20,
    }
  }
>
  <Text
    style={
      Object {
        "color": "#364f6b",
        "fontSize": 25,
        "fontWeight": "bold",
      }
    }
  >
    Factions
  </Text>
  <RCTScrollView
    style={
      Object {
        "marginVertical": 40,
        "width": "100%",
      }
    }
  >
    <View>
      <View
        style={
          Object {
            "alignItems": "center",
            "width": "100%",
          }
        }
      >
        <View
          style={
            Object {
              "width": "80%",
            }
          }
        >
          <View
            accessible={true}
            focusable={true}
            onClick={[Function]}
            onResponderGrant={[Function]}
            onResponderMove={[Function]}
            onResponderRelease={[Function]}
            onResponderTerminate={[Function]}
            onResponderTerminationRequest={[Function]}
            onStartShouldSetResponder={[Function]}
            style={
              Object {
                "backgroundColor": "#f6f6f6",
                "borderRadius": 20,
                "flexDirection": "row",
                "marginBottom": 10,
                "opacity": 1,
                "padding": 10,
                "width": "100%",
              }
            }
          >
            <View
              pointerEvents="auto"
            >
              <RNCCheckbox
                forwardedRef={null}
                onChange={[Function]}
                onValueChange={[Function]}
                style={
                  Array [
                    Object {
                      "backgroundColor": "transparent",
                      "height": 32,
                      "width": 32,
                    },
                    undefined,
                  ]
                }
              />
            </View>
            <Text
              onPress={[Function]}
              style={
                Array [
                  Object {
                    "color": "gray",
                    "fontSize": 20,
                    "fontWeight": "normal",
                    "marginLeft": 20,
                  },
                ]
              }
            >
              Marquise de Cat
            </Text>
          </View>
          <View
            accessible={true}
            focusable={true}
            onClick={[Function]}
            onResponderGrant={[Function]}
            onResponderMove={[Function]}
            onResponderRelease={[Function]}
            onResponderTerminate={[Function]}
            onResponderTerminationRequest={[Function]}
            onStartShouldSetResponder={[Function]}
            style={
              Object {
                "backgroundColor": "#f6f6f6",
                "borderRadius": 20,
                "flexDirection": "row",
                "marginBottom": 10,
                "opacity": 1,
                "padding": 10,
                "width": "100%",
              }
            }
          >
            <View
              pointerEvents="auto"
            >
              <RNCCheckbox
                forwardedRef={null}
                onChange={[Function]}
                onValueChange={[Function]}
                style={
                  Array [
                    Object {
                      "backgroundColor": "transparent",
                      "height": 32,
                      "width": 32,
                    },
                    undefined,
                  ]
                }
              />
            </View>
            <Text
              onPress={[Function]}
              style={
                Array [
                  Object {
                    "color": "gray",
                    "fontSize": 20,
                    "fontWeight": "normal",
                    "marginLeft": 20,
                  },
                ]
              }
            >
              Underground Duchy
            </Text>
          </View>
          <View
            accessible={true}
            focusable={true}
            onClick={[Function]}
            onResponderGrant={[Function]}
            onResponderMove={[Function]}
            onResponderRelease={[Function]}
            onResponderTerminate={[Function]}
            onResponderTerminationRequest={[Function]}
            onStartShouldSetResponder={[Function]}
            style={
              Object {
                "backgroundColor": "#f6f6f6",
                "borderRadius": 20,
                "flexDirection": "row",
                "marginBottom": 10,
                "opacity": 1,
                "padding": 10,
                "width": "100%",
              }
            }
          >
            <View
              pointerEvents="auto"
            >
              <RNCCheckbox
                forwardedRef={null}
                onChange={[Function]}
                onValueChange={[Function]}
                style={
                  Array [
                    Object {
                      "backgroundColor": "transparent",
                      "height": 32,
                      "width": 32,
                    },
                    undefined,
                  ]
                }
              />
            </View>
            <Text
              onPress={[Function]}
              style={
                Array [
                  Object {
                    "color": "gray",
                    "fontSize": 20,
                    "fontWeight": "normal",
                    "marginLeft": 20,
                  },
                ]
              }
            >
              Keepers in Iron
            </Text>
          </View>
          <View
            accessible={true}
            focusable={true}
            onClick={[Function]}
            onResponderGrant={[Function]}
            onResponderMove={[Function]}
            onResponderRelease={[Function]}
            onResponderTerminate={[Function]}
            onResponderTerminationRequest={[Function]}
            onStartShouldSetResponder={[Function]}
            style={
              Object {
                "backgroundColor": "#f6f6f6",
                "borderRadius": 20,
                "flexDirection": "row",
                "marginBottom": 10,
                "opacity": 1,
                "padding": 10,
                "width": "100%",
              }
            }
          >
            <View
              pointerEvents="auto"
            >
              <RNCCheckbox
                forwardedRef={null}
                onChange={[Function]}
                onValueChange={[Function]}
                style={
                  Array [
                    Object {
                      "backgroundColor": "transparent",
                      "height": 32,
                      "width": 32,
                    },
                    undefined,
                  ]
                }
              />
            </View>
            <Text
              onPress={[Function]}
              style={
                Array [
                  Object {
                    "color": "gray",
                    "fontSize": 20,
                    "fontWeight": "normal",
                    "marginLeft": 20,
                  },
                ]
              }
            >
              Lord of The Hundreds
            </Text>
          </View>
          <View
            accessible={true}
            focusable={true}
            onClick={[Function]}
            onResponderGrant={[Function]}
            onResponderMove={[Function]}
            onResponderRelease={[Function]}
            onResponderTerminate={[Function]}
            onResponderTerminationRequest={[Function]}
            onStartShouldSetResponder={[Function]}
            style={
              Object {
                "backgroundColor": "#f6f6f6",
                "borderRadius": 20,
                "flexDirection": "row",
                "marginBottom": 10,
                "opacity": 1,
                "padding": 10,
                "width": "100%",
              }
            }
          >
            <View
              pointerEvents="auto"
            >
              <RNCCheckbox
                forwardedRef={null}
                onChange={[Function]}
                onValueChange={[Function]}
                style={
                  Array [
                    Object {
                      "backgroundColor": "transparent",
                      "height": 32,
                      "width": 32,
                    },
                    undefined,
                  ]
                }
              />
            </View>
            <Text
              onPress={[Function]}
              style={
                Array [
                  Object {
                    "color": "gray",
                    "fontSize": 20,
                    "fontWeight": "normal",
                    "marginLeft": 20,
                  },
                ]
              }
            >
              Eyrie Dynasties
            </Text>
          </View>
          <View
            accessible={true}
            focusable={true}
            onClick={[Function]}
            onResponderGrant={[Function]}
            onResponderMove={[Function]}
            onResponderRelease={[Function]}
            onResponderTerminate={[Function]}
            onResponderTerminationRequest={[Function]}
            onStartShouldSetResponder={[Function]}
            style={
              Object {
                "backgroundColor": "#f6f6f6",
                "borderRadius": 20,
                "flexDirection": "row",
                "marginBottom": 10,
                "opacity": 1,
                "padding": 10,
                "width": "100%",
              }
            }
          >
            <View
              pointerEvents="auto"
            >
              <RNCCheckbox
                forwardedRef={null}
                onChange={[Function]}
                onValueChange={[Function]}
                style={
                  Array [
                    Object {
                      "backgroundColor": "transparent",
                      "height": 32,
                      "width": 32,
                    },
                    undefined,
                  ]
                }
              />
            </View>
            <Text
              onPress={[Function]}
              style={
                Array [
                  Object {
                    "color": "gray",
                    "fontSize": 20,
                    "fontWeight": "normal",
                    "marginLeft": 20,
                  },
                ]
              }
            >
              Vagabond
            </Text>
          </View>
          <View
            accessible={true}
            focusable={true}
            onClick={[Function]}
            onResponderGrant={[Function]}
            onResponderMove={[Function]}
            onResponderRelease={[Function]}
            onResponderTerminate={[Function]}
            onResponderTerminationRequest={[Function]}
            onStartShouldSetResponder={[Function]}
            style={
              Object {
                "backgroundColor": "#f6f6f6",
                "borderRadius": 20,
                "flexDirection": "row",
                "marginBottom": 10,
                "opacity": 1,
                "padding": 10,
                "width": "100%",
              }
            }
          >
            <View
              pointerEvents="auto"
            >
              <RNCCheckbox
                forwardedRef={null}
                onChange={[Function]}
                onValueChange={[Function]}
                style={
                  Array [
                    Object {
                      "backgroundColor": "transparent",
                      "height": 32,
                      "width": 32,
                    },
                    undefined,
                  ]
                }
              />
            </View>
            <Text
              onPress={[Function]}
              style={
                Array [
                  Object {
                    "color": "gray",
                    "fontSize": 20,
                    "fontWeight": "normal",
                    "marginLeft": 20,
                  },
                ]
              }
            >
              Riverfolk Company
            </Text>
          </View>
          <View
            accessible={true}
            focusable={true}
            onClick={[Function]}
            onResponderGrant={[Function]}
            onResponderMove={[Function]}
            onResponderRelease={[Function]}
            onResponderTerminate={[Function]}
            onResponderTerminationRequest={[Function]}
            onStartShouldSetResponder={[Function]}
            style={
              Object {
                "backgroundColor": "#f6f6f6",
                "borderRadius": 20,
                "flexDirection": "row",
                "marginBottom": 10,
                "opacity": 1,
                "padding": 10,
                "width": "100%",
              }
            }
          >
            <View
              pointerEvents="auto"
            >
              <RNCCheckbox
                forwardedRef={null}
                onChange={[Function]}
                onValueChange={[Function]}
                style={
                  Array [
                    Object {
                      "backgroundColor": "transparent",
                      "height": 32,
                      "width": 32,
                    },
                    undefined,
                  ]
                }
              />
            </View>
            <Text
              onPress={[Function]}
              style={
                Array [
                  Object {
                    "color": "gray",
                    "fontSize": 20,
                    "fontWeight": "normal",
                    "marginLeft": 20,
                  },
                ]
              }
            >
              Woodland Alliance
            </Text>
          </View>
          <View
            accessible={true}
            focusable={true}
            onClick={[Function]}
            onResponderGrant={[Function]}
            onResponderMove={[Function]}
            onResponderRelease={[Function]}
            onResponderTerminate={[Function]}
            onResponderTerminationRequest={[Function]}
            onStartShouldSetResponder={[Function]}
            style={
              Object {
                "backgroundColor": "#f6f6f6",
                "borderRadius": 20,
                "flexDirection": "row",
                "marginBottom": 10,
                "opacity": 1,
                "padding": 10,
                "width": "100%",
              }
            }
          >
            <View
              pointerEvents="auto"
            >
              <RNCCheckbox
                forwardedRef={null}
                onChange={[Function]}
                onValueChange={[Function]}
                style={
                  Array [
                    Object {
                      "backgroundColor": "transparent",
                      "height": 32,
                      "width": 32,
                    },
                    undefined,
                  ]
                }
              />
            </View>
            <Text
              onPress={[Function]}
              style={
                Array [
                  Object {
                    "color": "gray",
                    "fontSize": 20,
                    "fontWeight": "normal",
                    "marginLeft": 20,
                  },
                ]
              }
            >
              Corvid Consipiracy
            </Text>
          </View>
          <View
            accessible={true}
            focusable={true}
            onClick={[Function]}
            onResponderGrant={[Function]}
            onResponderMove={[Function]}
            onResponderRelease={[Function]}
            onResponderTerminate={[Function]}
            onResponderTerminationRequest={[Function]}
            onStartShouldSetResponder={[Function]}
            style={
              Object {
                "backgroundColor": "#f6f6f6",
                "borderRadius": 20,
                "flexDirection": "row",
                "marginBottom": 10,
                "opacity": 1,
                "padding": 10,
                "width": "100%",
              }
            }
          >
            <View
              pointerEvents="auto"
            >
              <RNCCheckbox
                forwardedRef={null}
                onChange={[Function]}
                onValueChange={[Function]}
                style={
                  Array [
                    Object {
                      "backgroundColor": "transparent",
                      "height": 32,
                      "width": 32,
                    },
                    undefined,
                  ]
                }
              />
            </View>
            <Text
              onPress={[Function]}
              style={
                Array [
                  Object {
                    "color": "gray",
                    "fontSize": 20,
                    "fontWeight": "normal",
                    "marginLeft": 20,
                  },
                ]
              }
            >
              Lizard Cult
            </Text>
          </View>
        </View>
      </View>
    </View>
  </RCTScrollView>
</View>
`;
